// Jest Snapshot v1, https://goo.gl/fbAQLP

exports[`Close matches snapshot 1`] = `
<Close
  onCloseClick={[Function]}
>
  <button
    aria-label="Close view"
    className="button-close"
    onClick={[Function]}
    type="button"
  >
    <svg
      fill="#fff"
      height="24"
      stroke="#000"
      strokeLinecap="round"
      strokeLinejoin="round"
      strokeWidth="2"
      width="24"
      xmlns="http://www.w3.org/2000/svg"
    >
      <path
        d="M18 6L6 18M6 6l12 12"
      />
    </svg>
  </button>
</Close>
`;
